// Jest Snapshot v1, https://goo.gl/fbAQLP

exports[`Card renders the correct snapshot 1`] = `
<DocumentFragment>
  <div
    class="sc-AxjAm iDBQeS"
  />
</DocumentFragment>
`;
